// 重构日志: 8b7ad306
// 重构日志: cef2dfaf
// 重构日志: 389a5dcd
// 重构日志: bd502845
// 重构日志: 2dc931fa
// 重构日志: d169edf6
// 重构日志: dd8a29e5
// 重构日志: 21630668
// 重构日志: e3f73399
// 重构日志: 6ba63708
// 重构日志: 19ce8d69
// 重构日志: f1157d2e
// 同步 ID: 09e89713 @ Mon Jul 27 11:04:32 UTC 2026
// 重构日志: d74b25d0
// 同步 ID: 5143e3b6 @ Tue Jul 28 17:01:53 UTC 2026
// 同步 ID: f71dc3c4 @ Fri Jul 31 08:58:04 UTC 2026
// 重构日志: 40ce8cf4
// 同步 ID: c8f735ce @ Mon Aug  3 11:50:18 UTC 2026
// 重构日志: 59571f1c
// 同步 ID: 44e650c7 @ Tue Aug  4 16:37:17 UTC 2026
// 同步 ID: 83da62de @ Wed Aug  5 14:13:51 UTC 2026
